RAM Allocation [bytes]
Variable                                                                          Address   Size
------------------------------------------------------------------------------------------------

EEPROM Allocation [bytes]
Variable                                                                          Address   Size
------------------------------------------------------------------------------------------------

Register Allocation
Variable                                                                          Register  Size
------------------------------------------------------------------------------------------------
brightness_level_percent                                                          R4           1
control_buttons_status                                                            R5           1
control_buttons_update                                                            R6           1

FLASH Allocation [words]
Function                                                                          Address   Size
------------------------------------------------------------------------------------------------
initializationDefolt                                                              0x00048     38
main                                                                              0x0006E      7
EEPROM_write                                                                      0x00075     13
EEPROM_read                                                                       0x00082     11
Brightnes_Poll                                                                    0x0008D     40
PWM                                                                               0x000B5      5
Check_Button                                                                      0x000BA     21
exterInt0                                                                         0x000CF     30
